{
  "citation": "",
  "description": "",
  "features": {
    "question": {
      "dtype": "string",
      "_type": "Value"
    },
    "contexts": {
      "feature": {
        "dtype": "string",
        "_type": "Value"
      },
      "_type": "List"
    },
    "ground_truth": {
      "dtype": "string",
      "_type": "Value"
    },
    "issue_type": {
      "dtype": "string",
      "_type": "Value"
    },
    "domain": {
      "dtype": "string",
      "_type": "Value"
    },
    "severity": {
      "dtype": "string",
      "_type": "Value"
    }
  },
  "homepage": "",
  "license": ""
}