reference_question,reference_context,reference_answer,issue_type,severity,domain,section_type,evolution_operator,parent_seed_id,seed_id,source,guideline_source_file,weighted_score,final_score,quality_actionability,quality_clarity_of_issue,quality_guideline_alignment,quality_justification,quality_overall_quality,quality_pedagogical_value,quality_realism
"In our educational research, we explored the influence of an innovative pedagogical approach on student achievement in a university-level statistics course. Conducted over a six-week period, our study encompassed 30 undergraduate students who were exposed to the new instructional strategy. Analysis of the data revealed a mean increase of 12% in final exam scores when contrasted with performance metrics from the previous academic year.","The remaining 28 lectures covered these and other issues in depth. We saw many
examples of “before” and “after” from manuscripts in progress. We learned how to avoid
excessive subscripts and superscripts. We discussed the documentation of algorithms, com-
puter programs, and user manuals. We considered the process of refereeing and editing. We studied how to make eﬀective diagrams and tables, and how to ﬁnd appropriate quota-
tions to spice up a text. Some of the material duplicated some of what would be discussed
in writing classes oﬀered by the English department, but the vast majority of the lectures
were devoted to issues that are speciﬁc to mathematics and/or computer science. Guest lectures by Herb Wilf (University of Pennsylvania), JeﬀUllman (Stanford),
Leslie Lamport (Digital Equipment Corporation), Nils Nilsson (Stanford), Mary-Claire
van Leunen (Digital Equipment Corporation), Rosalie Stemer (San Francisco Chronicle),
and Paul Halmos (University of Santa Clara), were a special highlight as each of these
outstanding authors presented their own perspectives on the problems of mathematical
communication. This report contains transcripts of the lectures and copies of various handouts that
were distributed during the quarter. We think the course was able to clarify a surprisingly
large number of issues that play an important part in the life of every professional who
works in mathematical ﬁelds. Therefore we hope that people who were unable to attend
the course might still beneﬁt from it, by reading this summary of what transpired. The authors wish to thank Phyllis Winkler for the ﬁrst-rate technical typing that
made these notes possible. Caveat: These are transcripts of lectures, not a polished set of essays on the subject. Some of the later lectures refer to mistakes in the notes of earlier lectures; we have decided
to correct some (but not all) of those mistakes before printing this report. References to","A more methodologically robust design would incorporate a control group. To improve reliability: (1) Include a control group that receives the conventional teaching method, (2) Utilize statistical analyses such as an ANCOVA to adjust for any pre-existing differences, (3) Present the results with effect sizes (e.g., Cohen's d) and confidence intervals to precisely measure the new method's effect. For instance: 'The cohort instructed with the innovative method demonstrated a 12% score elevation compared to the control group, with a Cohen's d of 0.7 (95% CI: 0.4 to 1.0), suggesting a statistically significant advantage (p < 0.01, ANCOVA).'",Methodological Flaw,Moderate,Educational Research,Results and Discussion,increase_realism,rigor_seed_006,,evolved,/Users/arnabbhattacharya/Desktop/AIE8-certification-challenge/backend/eval/golden_dataset/../../app/resources/rigor_docs/knuth_mathematical_writing.pdf,4.8,5.6,5,5,5,"The example is highly realistic as it reflects a common methodological flaw in educational research, where studies often lack control groups. The issue is clearly identifiable, as the absence of a control group is a fundamental flaw in experimental design. The pedagogical value is high because it highlights the importance of robust experimental design and statistical analysis, which are crucial for valid research findings. The reference answer is specific and actionable, providing clear steps to improve the study's design. The guideline alignment is perfect, as the context and issue are well-matched. Overall, this example is of excellent quality and should be included in the dataset.",5,5,4
"In our study, we developed a novel heuristic approach for tackling the Vehicle Routing Problem with Time Windows (VRPTW). We evaluated our method using the well-known Solomon benchmark dataset, consisting of 56 instances, and observed an average reduction in total travel distance of 14.7% when compared to the best-known solutions. To ensure efficiency, each instance was processed in less than 8 minutes.",PRESENTING ALGORITHMS],"To enhance the robustness of our findings, it is essential to incorporate multiple experimental runs and report on the variability in outcomes. Specifically: (1) Conduct the heuristic multiple times (such as 20 runs) on each Solomon benchmark instance to capture performance variability, (2) Calculate and present both the mean and standard deviation for the travel distance reduction across these runs, (3) Compare the results to established baseline heuristics, employing statistical significance tests (e.g., paired t-test) to substantiate the improvements. For example: 'Our heuristic consistently achieved an average travel distance reduction of 14.7% ± 1.1% (mean ± std over 20 runs), and significantly outperformed the baseline heuristics with a reduction of 11.5% ± 0.9% (p < 0.05, paired t-test against existing methods).'",Experiments,Medium,Operations Research,Discussion,increase_realism,rigor_seed_007,,evolved,/Users/arnabbhattacharya/Desktop/AIE8-certification-challenge/backend/eval/golden_dataset/../../app/resources/rigor_docs/knuth_mathematical_writing.pdf,4.8,5.6,5,5,5,"The example is highly realistic as it mirrors the type of content and analysis found in academic papers within the operations research domain. The issue of experimental robustness is clearly identifiable, as it is a common concern in research involving heuristic methods. The pedagogical value is high because it highlights the importance of multiple runs and statistical analysis, which are crucial for validating research findings. The reference answer is specific and actionable, providing clear steps to improve the robustness of the study. The guideline alignment is perfect, as the context of the referee's role in evaluating research directly relates to the issue of experimental rigor. Overall, the example is of excellent quality and should be included in the dataset.",5,4,5
We conducted a survey to evaluate the connection between physical activity frequency and psychological well-being among adults. Participants were asked to report their weekly exercise routines and mental health status via a Likert scale. Findings showed a positive correlation between physical activity and enhanced mental well-being scores.,"What do we like better about
our own? Before the cameraman could shoo us out of the room, Mary-Claire reminded us once again
that these exercises are “very hard work.” She closed with, “I hope they will serve you as
well as they have served me.”
[80
§. MARY-CLAIRE VAN LEUNEN ON CALISTHENICS (1)]","In our analysis, we utilized Pearson's correlation coefficient to examine the relationship. We discovered a correlation coefficient of r = 0.53, p < 0.001, with a 95% confidence interval of [0.43, 0.63]. Prior to conducting the correlation analysis, we verified assumptions of normality and linearity by employing the Shapiro-Wilk test and examining QQ plots. The dataset, referred to as the 'Adult Fitness and Mental Health Survey', comprised responses from 2,000 participants, which provided a robust basis for our findings. These steps ensured the validity and reliability of our results.",Explanation of Data Analysis,Moderate,Health and Psychology Research,Methods,increase_realism,rigor_seed_008,,evolved,/Users/arnabbhattacharya/Desktop/AIE8-certification-challenge/backend/eval/golden_dataset/../../app/resources/rigor_docs/knuth_mathematical_writing.pdf,4.65,5.45,5,4,5,"The example is highly realistic as it mirrors the structure and content of a real academic paper, particularly in health and psychology research. The issue of 'Explanation of Data Analysis' is clear, as it focuses on the need for a concise and simplified explanation of the data analysis process. The pedagogical value is high because it highlights the importance of verifying assumptions and ensuring the validity of results, which are crucial steps in research. The actionability is excellent, as the reference answer provides specific steps and methods used in the analysis, making it immediately usable for someone looking to improve their own work. The guideline alignment is perfect, as the context and issue are directly related to the domain of health and psychology research. Overall, the quality is excellent, making it a valuable inclusion in a GOLDEN evaluation dataset.",5,4,5
"In our study, we applied a logistic regression model to predict the likelihood of disease onset based on a set of clinical features. The model was trained on a dataset comprising 200 patient records. We evaluated the model's performance using accuracy as the sole metric.",We looked at some of the results.,"Include a more comprehensive evaluation of the model's performance by adding other relevant metrics such as precision, recall, F1-score, and AUC-ROC. Additionally, provide a comparison with a baseline model, such as a simple decision tree, to contextualize the performance of the logistic regression model. Example: 'The logistic regression model achieved an accuracy of 82%, with a precision of 0.79, recall of 0.81, and F1-score of 0.80. Compared to a decision tree baseline (accuracy 76%, precision 0.75, recall 0.74, F1-score 0.74), the logistic regression model offers improved performance.'",missing_baseline,warning,statistics,results,original,,rigor_seed_001,guideline_generated,/Users/arnabbhattacharya/Desktop/AIE8-certification-challenge/backend/eval/golden_dataset/../../app/resources/rigor_docs/knuth_mathematical_writing.pdf,4.6,5.3999999999999995,5,5,5,"The example is realistic as it reflects a common issue in academic papers where model evaluation is limited to a single metric. The issue of missing baseline is clearly identifiable and well-defined, making it easy for a reviewer to understand. The pedagogical value is high as it highlights the importance of comprehensive model evaluation and comparison with a baseline, which is a subtle but crucial aspect of statistical analysis. The reference answer is specific and actionable, providing clear steps to improve the evaluation. The guideline alignment is perfect as the context matches the issue of technical writing in statistics. Overall, the example is of high quality and should be included in the dataset.",5,4,4
"In our research, we implemented a logistic regression model to assess the probability of developing a cardiovascular condition, utilizing a dataset derived from the Framingham Heart Study. The model was trained on 200 participants' data and evaluated exclusively using accuracy.",We looked at some of the results.,"To provide a more comprehensive evaluation, it is essential to include additional performance metrics such as precision, recall, F1-score, and the Area Under the Receiver Operating Characteristic Curve (AUC-ROC). Moreover, presenting a comparative analysis by introducing a baseline model like a Naive Bayes classifier could further contextualize the logistic regression model's effectiveness. For instance, 'The logistic regression model yielded an accuracy of 84%, complemented by a precision of 0.82, recall of 0.85, and an F1-score of 0.83. In comparison, the Naive Bayes baseline resulted in an accuracy of 78%, with a precision of 0.76, recall of 0.77, and an F1-score of 0.76. These results underscore the logistic regression model's superior performance.'",Evaluation comprehensiveness and context,Medium,Scientific research and technical writing,Results and Discussion,increase_realism,rigor_seed_001,,evolved,/Users/arnabbhattacharya/Desktop/AIE8-certification-challenge/backend/eval/golden_dataset/../../app/resources/rigor_docs/knuth_mathematical_writing.pdf,4.6,5.3999999999999995,5,5,5,"The example is realistic as it reflects common issues in academic papers where only accuracy is reported, which is a frequent oversight in scientific research. The issue is clearly identifiable, focusing on the need for comprehensive evaluation metrics. The pedagogical value is high as it highlights the importance of using multiple metrics for model evaluation, which is a subtle but crucial aspect of technical writing. The reference answer is specific and actionable, providing clear steps to improve the evaluation comprehensiveness. The guideline alignment is perfect as the context directly addresses the issue of evaluation comprehensiveness in scientific writing. Overall, the example is of high quality and should be included in the dataset.",5,4,4
The linear programming model was solved using CPLEX: The solver was run with default parameters. The results showed an optimal solution with an objective value of 345.2. The computational time was observed to be 2.3 seconds.,PRESENTING ALGORITHMS],"Remove unnecessary colons to improve sentence flow and adhere to standard punctuation rules. Specifically: (1) Replace 'using CPLEX:' with 'using CPLEX,', as the colon is not needed to introduce the method. (2) Ensure that colons are only used when introducing a list or a full sentence. The revised sentence should read: 'The linear programming model was solved using CPLEX, and the solver was run with default parameters.'",punctuation_overuse,info,operations_research,methods,original,,rigor_seed_002,guideline_generated,/Users/arnabbhattacharya/Desktop/AIE8-certification-challenge/backend/eval/golden_dataset/../../app/resources/rigor_docs/knuth_mathematical_writing.pdf,4.6,5.3999999999999995,5,5,5,"The example is realistic as it reflects a common issue in academic writing, particularly in technical fields like operations research, where precise language is crucial. The clarity of the issue is high because the problem of punctuation overuse is explicitly identified and explained. The pedagogical value is strong as it highlights a subtle yet important aspect of writing that can improve readability and professionalism. The actionability is excellent, with specific instructions on how to correct the issue. The guideline alignment is perfect, as the context provided directly addresses the issue of colon overuse. Overall, this example is of high quality and would be a valuable addition to a GOLDEN evaluation dataset.",5,4,4
"In our study, we applied the CPLEX solver to optimize the linear programming model, utilizing the standard configurations to ensure consistency across runs: The solver processed the 'RetailDataSet_v2' and identified an optimal solution with an objective value of 354.8. Notably, the computation was completed in a span of just 3.1 seconds.","Solution C
. .","To enhance clarity and readability, remove unnecessary colons and integrate transitions smoothly. Specifically: (1) Replace 'to ensure consistency across runs:' with 'to ensure consistency across runs,' as the colon is not warranted here. (2) Ensure colons are used correctly, such as when introducing lists or complete sentences. The revised segment should read: '...utilizing the standard configurations to ensure consistency across runs, the solver processed the 'RetailDataSet_v2' and identified an optimal solution with an objective value of 354.8. Remarkably, the computation was completed in just 3.1 seconds.'",punctuation,moderate,academic,methodology,increase_realism,rigor_seed_002,,evolved,/Users/arnabbhattacharya/Desktop/AIE8-certification-challenge/backend/eval/golden_dataset/../../app/resources/rigor_docs/knuth_mathematical_writing.pdf,4.6,5.3999999999999995,5,5,5,"The example is realistic as it reflects a common issue in academic writing regarding the misuse of colons, which is a subtle but important aspect of maintaining clarity and professionalism in scientific papers. The issue is clearly identifiable, as the misuse of punctuation is explicitly pointed out and corrected. The pedagogical value is high because it teaches the correct use of colons, which is not always obvious to writers. The actionability is excellent, as the reference answer provides a specific and clear revision of the text. The guideline alignment is perfect, as the context directly addresses the issue of punctuation in academic writing. Overall, the example is of high quality and would be a valuable addition to a GOLDEN evaluation dataset.",5,4,4
We applied our novel clustering algorithm to the CIFAR-10 dataset. The algorithm showed remarkable performance and clustered the images with high precision. We used a learning rate of 0.01 and batch size of 32.,PRESENTING ALGORITHMS],"Specify hyperparameter tuning and settings more comprehensively. Specifically: (1) Describe the hyperparameter search space and method (e.g., grid search, random search), (2) Report all relevant hyperparameters and settings (not just learning rate and batch size), (3) Include any specific values chosen after tuning. Example: 'We performed a grid search over the learning rate [0.001, 0.01, 0.1] and batch size [16, 32, 64]. The optimal settings were a learning rate of 0.01, batch size of 32, and weight decay of 0.0001.'",unreported_hyperparameters,warning,machine_learning,methods,original,,rigor_seed_003,guideline_generated,/Users/arnabbhattacharya/Desktop/AIE8-certification-challenge/backend/eval/golden_dataset/../../app/resources/rigor_docs/knuth_mathematical_writing.pdf,4.6,5.3999999999999995,5,5,5,"The example is realistic as it reflects a common issue in academic papers where hyperparameters are not fully reported, which is crucial for reproducibility. The issue is clearly identifiable, as the lack of comprehensive hyperparameter reporting is explicitly stated. The pedagogical value is high because it highlights the importance of detailed reporting in machine learning experiments, which is not always obvious to beginners. The actionability is excellent, as the reference answer provides a clear and specific example of how to improve the reporting. The guideline alignment is perfect, as the context and issue match well, focusing on the need for detailed hyperparameter reporting. Overall, this is a high-quality example that should be included in the dataset.",5,4,4
"In our recent study, we explored the efficiency of various optimization algorithms. The linear programming model was solved using CPLEX: The solver was run with default parameters. The results showed an optimal solution with an objective value of 345.2. The computational time was observed to be 2.3 seconds. These findings demonstrate the potential for significant improvements in processing speed, which could be beneficial in large-scale applications.",PRESENTING ALGORITHMS],"The excerpt still overuses colons. While the overall structure of the text is mostly good, the colon used in 'The linear programming model was solved using CPLEX:' is unnecessary and should be removed to improve clarity and adhere to proper punctuation guidelines.",punctuation_overuse,moderate,academic writing,results,add_distractor,rigor_seed_002,,evolved,/Users/arnabbhattacharya/Desktop/AIE8-certification-challenge/backend/eval/golden_dataset/../../app/resources/rigor_docs/knuth_mathematical_writing.pdf,4.6,4.8999999999999995,5,5,5,"The example is realistic as it reflects a common issue in academic writing where punctuation, particularly colons, is overused. The clarity of the issue is high because the problem is explicitly identified and explained. The pedagogical value is strong as it highlights a subtle yet important aspect of writing that can improve clarity and professionalism. The actionability is excellent because the feedback is specific and provides a clear directive to remove the unnecessary colon. The guideline alignment is perfect as the context directly addresses the issue of colon overuse. Overall, this example is of high quality and would be a valuable addition to a GOLDEN evaluation dataset.",5,4,4
"The linear programming model was solved using CPLEX. The solver, which was run with default parameters, resulted in an optimal solution: the objective value was 345.2. Computational time observed to be 2.3 seconds.",PRESENTING ALGORITHMS],"In the rewritten text, the use of the colon after 'optimal solution:' is subtle but unnecessary. The phrase following the colon completes the preceding sentence, so a colon isn't warranted here.",punctuation_overuse,subtle,technical writing,example,increase_subtlety,rigor_seed_002,,evolved,/Users/arnabbhattacharya/Desktop/AIE8-certification-challenge/backend/eval/golden_dataset/../../app/resources/rigor_docs/knuth_mathematical_writing.pdf,4.6,4.8999999999999995,5,5,5,"The example is realistic as it reflects a common issue in technical writing where punctuation is overused, particularly colons. The issue is clearly identifiable, as the context provides a specific guideline about when colons are appropriate. The pedagogical value is high because it highlights a subtle aspect of punctuation that can improve clarity in writing. The actionability is excellent, as the reference answer provides a clear and specific correction. The guideline alignment is perfect, as the context directly addresses the issue of colon overuse. Overall, this is a high-quality example that effectively illustrates the issue and provides a useful correction.",5,4,4
