question,contexts,ground_truth,issue_type,domain,severity
The algorithm designed for the traveling salesman problem is efficient. It utilizes advanced heuristic search techniques to navigate the solution space. This approach significantly enhances the problem-solving process.,[''],"Improve specificity and pedagogical value by: ❌ Before: 'The algorithm designed for the traveling salesman problem is efficient.' ✅ After: 'Detail the efficiency by mentioning time complexity and space requirements. For instance: 'The algorithm operates with a time complexity of O(n^2) and a space complexity of O(n), optimizing performance for large datasets.' ❌ Before: 'It utilizes advanced heuristic search techniques.' ✅ After: 'Specify the heuristic techniques, such as: 'The approach employs genetic algorithms, which use operations like selection, crossover, and mutation to evolve solutions, and simulated annealing, which probabilistically accepts worse solutions to escape local optima.' ❌ Before: 'This approach significantly enhances the problem-solving process.' ✅ After: 'Explain how enhancement is measured with concrete examples. For example: 'This heuristic integration leads to a 30% reduction in computation time and a 20% improvement in solution quality compared to traditional brute-force methods.'",unknown,general,info
"The proposed statistical method shows better efficacy in data analysis than other existing techniques. It leverages advanced algorithms to achieve this superiority, which is evident from the outcomes observed in various scenarios.","['It’s like when you are editing a literary book in an unfamiliar foreign language. Sometimes you can still ﬁnd some hanging sentences, sentences without a verb, etc., even if you have no clue what is being said.']",Provide specific details about the method's performance and the scenarios mentioned. For example: 'The proposed statistical method demonstrates a 15% improvement in predictive accuracy and a 20% reduction in computational time compared to the traditional PCA method when applied to the climate data set. These outcomes were consistent across both simulated and real-world data scenarios.',vague_language,statistics,warning
"The algorithm's efficiency in solving linear programming problems is impressive and has potential applications in diverse areas. By leveraging advanced methodologies, our approach significantly enhances performance, surpassing traditional techniques.","['spans several sub-areas of mathematics which all have plenty of relevant background. In this case you should divide your Introduction into subsections, and I suggest using Foreword as the ﬁrst subsection. Think of it as a nontechnical introduction to your Introduction.']","Divide the introduction into subsections to clarify the contribution and context of the work. Start with a Foreword that outlines the broader significance and contextual relevance of your approach in a non-technical manner. For example: 'Foreword: Our study introduces a novel algorithm for linear programming, reflecting a blend of theoretical innovation and practical application. This advancement not only enhances computational efficiency but also opens new avenues in operations research, impacting fields from supply chain management to financial modeling.'",missing_structure,operations_research,info
"The algorithm's efficiency in solving linear programming problems is impressive and has potential applications in diverse areas. By leveraging advanced methodologies, our approach significantly enhances performance, surpassing traditional techniques.","['spans several sub-areas of mathematics which all have plenty of relevant background. In this case you should divide your Introduction into subsections, and I suggest using Foreword as the ﬁrst subsection. Think of it as a nontechnical introduction to your Introduction.']","Divide the introduction into subsections to clarify the contribution and context of the work. Start with a Foreword that outlines the broader significance and contextual relevance of your approach in a non-technical manner. For example: 'Foreword: Our study introduces a novel algorithm for linear programming, reflecting a blend of theoretical innovation and practical application. This advancement not only enhances computational efficiency but also opens new avenues in operations research, impacting fields from supply chain management to financial modeling.'",Introduction Structure,Academic Writing,Moderate
"The optimization algorithm was applied to the logistics framework, demonstrating significant advancements in operational performance. The outcomes surpassed conventional benchmarks, underscoring the adaptability and robustness of our model.","[""1.1. The importance of clarity cannot be overstated in academic writing. While it may seem straightforward, clarity goes beyond mere phrasing. Consider the distinction between stating 'The algorithm outperforms previous benchmarks in every scenario,' and providing a detailed account such as, 'Through rigorous testing on the widely-used XYZ Logistics dataset, our algorithm achieved a 20% reduction in delivery costs and a 12% improvement in processing time compared to the standard linear regression models used in previous studies.'""]","To effectively communicate the results, it is essential to provide detailed comparisons and contextual information. For instance: 'Our optimization algorithm, tested on the XYZ Logistics dataset, reduced transportation expenses by 18% and reduced delivery durations by 15%, compared to traditional methods such as linear regression, underlining its superior robustness and efficiency.'",lack_of_clarity_in_results_reporting,academic_research,moderate
"The initial experiments on our convolutional neural network showed promising results. However, further analysis revealed unexpected behavior in certain layers, which we address by implementing modifications described later. This iterative process highlights the adaptive nature of our approach.",[''],"Clarify what 'unexpected behavior in certain layers' means and specify the modifications made with detailed examples. For instance, replace 'unexpected behavior in certain layers' with specifics like: 'Our convolutional neural network experienced gradient vanishing issues in the third convolutional layer, leading to a stagnation in training accuracy around 83% and an F1-score of only 78.4% on the validation set.' Specify exact modifications, such as: 'To resolve this, we implemented residual connections to maintain gradient flow and increased layer robustness. We also observed that the layer's ReLU activation was not effectively differentiating features, so we replaced it with LeakyReLU. Post-modification, the network achieved a 91.2% training accuracy and an 88.9% F1-score on the validation set, demonstrating a significant improvement in performance.' This approach enhances clarity by providing exact issues identified and concrete solutions applied, thereby educating about effective debugging and optimization in neural networks.",unknown,general,info
"The application of Bayesian inference in our study sheds light on numerous aspects of the underlying probabilistic models. It serves as a bridge between theoretical constructs and empirical observations, offering insights that are both profound and wide-ranging.",[''],"{""general_suggestion"": ""Enhance the literary description with specific examples to enrich understanding."", ""before"": ""The application of Bayesian inference in our study not only elucidates the structure of latent variable models but also bridges the gap between theoretical constructs and empirical observations, as demonstrated in its successful application to hierarchical clustering of genomic data."", ""after"": ""The application of Bayesian inference in our study not only elucidates the structure of latent variable models but also effectively bridges the gap between theoretical constructs and empirical observations. Specifically, Bayesian inference was successfully applied to hierarchical clustering of genomic data, where it improved accuracy by 15% compared to traditional methods. Furthermore, the inference method allowed us to quantify model uncertainty, demonstrating a reduction in the posterior variance by 20%, thus enhancing the reliability of our predictions."", ""specific_examples"": [{""before_writing"": ""successful application to hierarchical clustering of genomic data"", ""after_writing"": ""successfully applied to hierarchical clustering of genomic data, where it improved accuracy by 15% compared to traditional methods"", ""explanation"": ""This change provides a concrete example of the impact of Bayesian inference by specifying the application domain (genomic data) and quantifying improvement (15% accuracy increase).""}, {""before_writing"": ""bridges the gap between theoretical constructs and empirical observations"", ""after_writing"": ""effectively bridges the gap between theoretical constructs and empirical observations"", ""explanation"": ""Adding 'effectively' emphasizes the efficiency and success of the approach.""}, {""before_writing"": ""offering insights that are both profound and wide-ranging"", ""after_writing"": ""quantify model uncertainty, demonstrating a reduction in the posterior variance by 20%, thus enhancing the reliability of our predictions"", ""explanation"": ""Shifting from vague descriptors to a precise outcome (reduction in posterior variance) conveys the depth of insights gained.""}], ""pedagogical_explanation"": ""The improved description provides specific outcomes and quantitative improvements, encouraging precision and clarity in academic writing. By detailing exact achievements and using concrete metrics, the response demonstrates how Bayesian inference concretely enhances the research study.""}",unknown,general,info
"The optimization algorithm was applied to the transportation model, yielding significant improvements in efficiency. The results were better than traditional methods, which shows the robustness of our approach.",[''],"Enhance your explanation by including precise quantitative metrics and a clear comparison with traditional methods, utilizing specific terminology from the domain. For example: 'The optimization algorithm reduced transportation costs by 15% and decreased delivery times by 10% compared to the traditional linear programming methods, demonstrating its robustness and efficiency.' 

To improve clarity and precision: 
❌ Before: 'The results were better than traditional methods.' 
✅ After: 'Our optimization approach reduced overall operational costs by 20% and improved delivery punctuality by 25% compared to the conventional simplex method, highlighting the robustness and advanced efficiency of our algorithm.' 

Use domain-specific terms: 
❌ Before: 'improvements in efficiency.' 
✅ After: 'enhancements in route optimization, leading to a 15% reduction in fuel consumption and a 12% increase in load factor efficiency.' 

By adopting these suggestions, you will provide a more rigorous and pedagogically sound description of your results.'",unknown,general,info
"The proposed statistical method shows better efficacy in data analysis than other existing techniques. It leverages advanced algorithms to achieve this superiority, which is evident from the outcomes observed in various scenarios.",[''],"{""before"": ""Provide specific details about the method's performance and the scenarios mentioned."", ""after"": ""Enhance specificity by replacing vague terms with detailed metrics and examples. For example: 'Substitute \""better efficacy\"" with quantifiable improvements: Our method yields a 15% enhancement in predictive accuracy, reducing computational time by 20% compared to PCA when applied to the temperature anomaly dataset. In both Monte Carlo simulations and historical climate data analysis, results showed a consistent pattern of increased precision and efficiency.'"", ""suggestions"": [{""before"": ""better efficacy"", ""after"": ""15% enhancement in predictive accuracy and 20% reduction in computational time""}, {""fix"": ""Include specific datasets and scenarios, such as 'temperature anomaly dataset' and 'Monte Carlo simulations and historical climate data analysis'.""}]}",unknown,general,info
"The algorithm's efficiency in solving linear programming problems is impressive and has potential applications in diverse areas. By leveraging advanced methodologies, our approach significantly enhances performance, surpassing traditional techniques.",[''],"{""improved_answer"": ""To improve clarity and provide a structured introduction, divide the content into specific subsections. Begin with a 'Foreword' to communicate the broader significance and contextual importance of your work in lay terms. For instance:\n\n\u274c Before: 'Our study introduces a novel algorithm for linear programming, reflecting a blend of theoretical innovation and practical application.'\n\u2705 After: 'Foreword: In this work, we introduce a novel linear programming algorithm that integrates cutting-edge theoretical advancements with practical applications. This algorithm is designed to optimize computational efficiency by reducing the time complexity from O(n^3) in traditional methods to O(n log n), thus offering substantial improvements in scalability and speed.'\n\nAdditionally, provide specific metrics and terminology to enhance precision:\n\n\u274c Before: 'This advancement not only enhances computational efficiency but also opens new avenues in operations research.'\n\u2705 After: 'Empirical results demonstrate that our algorithm improves computational efficiency by 35% over traditional simplex methods, as evidenced by benchmark tests on standard datasets. This breakthrough has potential applications in operations research, notably impacting domains such as supply chain optimization, where it can reduce processing times by up to 50% in large-scale scenarios.'""}",unknown,general,info
